Flow report for pipeSha1
Thu Aug 13 09:17:59 2015
Quartus II 64-Bit Version 15.0.0 Build 145 04/22/2015 SJ Web Edition


---------------------
; Table of Contents ;
---------------------
  1. Legal Notice
  2. Flow Summary
  3. Flow Settings
  4. Flow Non-Default Global Settings
  5. Flow Elapsed Time
  6. Flow OS Summary
  7. Flow Log
  8. Flow Messages
  9. Flow Suppressed Messages



----------------
; Legal Notice ;
----------------
Copyright (C) 1991-2015 Altera Corporation. All rights reserved.
Your use of Altera Corporation's design tools, logic functions 
and other software and tools, and its AMPP partner logic 
functions, and any output files from any of the foregoing 
(including device programming or simulation files), and any 
associated documentation or information are expressly subject 
to the terms and conditions of the Altera Program License 
Subscription Agreement, the Altera Quartus II License Agreement,
the Altera MegaCore Function License Agreement, or other 
applicable license agreement, including, without limitation, 
that your use is for the sole purpose of programming logic 
devices manufactured by Altera and sold by Altera or its 
authorized distributors.  Please refer to the applicable 
agreement for further details.



+------------------------------------------------------------------------------+
; Flow Summary                                                                 ;
+---------------------------------+--------------------------------------------+
; Flow Status                     ; Successful - Thu Aug 13 09:17:59 2015      ;
; Quartus II 64-Bit Version       ; 15.0.0 Build 145 04/22/2015 SJ Web Edition ;
; Revision Name                   ; pipeSha1                                   ;
; Top-level Entity Name           ; pipeSha1                                   ;
; Family                          ; Cyclone V                                  ;
; Device                          ; 5CSEMA5F31C6                               ;
; Timing Models                   ; Final                                      ;
; Logic utilization (in ALMs)     ; 26,250 / 32,070 ( 82 % )                   ;
; Total registers                 ; 48999                                      ;
; Total pins                      ; 152 / 457 ( 33 % )                         ;
; Total virtual pins              ; 0                                          ;
; Total block memory bits         ; 54,308 / 4,065,280 ( 1 % )                 ;
; Total DSP Blocks                ; 3 / 87 ( 3 % )                             ;
; Total HSSI RX PCSs              ; 0                                          ;
; Total HSSI PMA RX Deserializers ; 0                                          ;
; Total HSSI TX PCSs              ; 0                                          ;
; Total HSSI PMA TX Serializers   ; 0                                          ;
; Total PLLs                      ; 0 / 6 ( 0 % )                              ;
; Total DLLs                      ; 1 / 4 ( 25 % )                             ;
+---------------------------------+--------------------------------------------+


+-----------------------------------------+
; Flow Settings                           ;
+-------------------+---------------------+
; Option            ; Setting             ;
+-------------------+---------------------+
; Start date & time ; 08/13/2015 08:18:15 ;
; Main task         ; Compilation         ;
; Revision Name     ; pipeSha1            ;
+-------------------+---------------------+


+------------------------------------------------------------------------------------------------------------------------------+
; Flow Non-Default Global Settings                                                                                             ;
+---------------------------------------+---------------------------------------+---------------+-------------+----------------+
; Assignment Name                       ; Value                                 ; Default Value ; Entity Name ; Section Id     ;
+---------------------------------------+---------------------------------------+---------------+-------------+----------------+
; COMPILER_SIGNATURE_ID                 ; 264390070000323.143944669007236       ; --            ; --          ; --             ;
; ECO_REGENERATE_REPORT                 ; On                                    ; Off           ; --          ; --             ;
; EDA_DESIGN_INSTANCE_NAME              ; UUT                                   ; --            ; --          ; tb_pipeSha1    ;
; EDA_NATIVELINK_SIMULATION_TEST_BENCH  ; tb_pipeSha1                           ; --            ; --          ; eda_simulation ;
; EDA_OUTPUT_DATA_FORMAT                ; Vhdl                                  ; --            ; --          ; eda_simulation ;
; EDA_SIMULATION_TOOL                   ; ModelSim-Altera (VHDL)                ; <None>        ; --          ; --             ;
; EDA_TEST_BENCH_ENABLE_STATUS          ; TEST_BENCH_MODE                       ; --            ; --          ; eda_simulation ;
; EDA_TEST_BENCH_FILE                   ; tb_pipeSha1.vhd                       ; --            ; --          ; tb_pipeSha1    ;
; EDA_TEST_BENCH_MODULE_NAME            ; tb_pipeSha1                           ; --            ; --          ; tb_pipeSha1    ;
; EDA_TEST_BENCH_NAME                   ; tb_pipeSha1                           ; --            ; --          ; eda_simulation ;
; MAX_CORE_JUNCTION_TEMP                ; 85                                    ; --            ; --          ; --             ;
; MIN_CORE_JUNCTION_TEMP                ; 0                                     ; --            ; --          ; --             ;
; PARTITION_COLOR                       ; 16764057                              ; --            ; --          ; Top            ;
; PARTITION_FITTER_PRESERVATION_LEVEL   ; PLACEMENT_AND_ROUTING                 ; --            ; --          ; Top            ;
; PARTITION_NETLIST_TYPE                ; SOURCE                                ; --            ; --          ; Top            ;
; POWER_BOARD_THERMAL_MODEL             ; None (CONSERVATIVE)                   ; --            ; --          ; --             ;
; POWER_PRESET_COOLING_SOLUTION         ; 23 MM HEAT SINK WITH 200 LFPM AIRFLOW ; --            ; --          ; --             ;
; PROJECT_OUTPUT_DIRECTORY              ; output_files                          ; --            ; --          ; --             ;
; USE_DLL_FREQUENCY_FOR_DQS_DELAY_CHAIN ; On                                    ; Off           ; --          ; --             ;
+---------------------------------------+---------------------------------------+---------------+-------------+----------------+


+-------------------------------------------------------------------------------------------------------------------------------+
; Flow Elapsed Time                                                                                                             ;
+---------------------------+--------------+-------------------------+---------------------+------------------------------------+
; Module Name               ; Elapsed Time ; Average Processors Used ; Peak Virtual Memory ; Total CPU Time (on all processors) ;
+---------------------------+--------------+-------------------------+---------------------+------------------------------------+
; Analysis & Synthesis      ; 00:10:58     ; 1.0                     ; 2023 MB             ; 00:14:29                           ;
; Fitter                    ; 00:37:50     ; 1.0                     ; 3547 MB             ; 00:42:05                           ;
; Assembler                 ; 00:01:16     ; 1.0                     ; 1235 MB             ; 00:01:14                           ;
; TimeQuest Timing Analyzer ; 00:07:25     ; 1.0                     ; 2243 MB             ; 00:07:21                           ;
; EDA Netlist Writer        ; 00:00:40     ; 1.0                     ; 1444 MB             ; 00:00:40                           ;
; Total                     ; 00:58:09     ; --                      ; --                  ; 01:05:49                           ;
+---------------------------+--------------+-------------------------+---------------------+------------------------------------+


+----------------------------------------------------------------------------------------+
; Flow OS Summary                                                                        ;
+---------------------------+------------------+-----------+------------+----------------+
; Module Name               ; Machine Hostname ; OS Name   ; OS Version ; Processor type ;
+---------------------------+------------------+-----------+------------+----------------+
; Analysis & Synthesis      ; Nils-Ove         ; Windows 7 ; 6.2        ; x86_64         ;
; Fitter                    ; Nils-Ove         ; Windows 7 ; 6.2        ; x86_64         ;
; Assembler                 ; Nils-Ove         ; Windows 7 ; 6.2        ; x86_64         ;
; TimeQuest Timing Analyzer ; Nils-Ove         ; Windows 7 ; 6.2        ; x86_64         ;
; EDA Netlist Writer        ; Nils-Ove         ; Windows 7 ; 6.2        ; x86_64         ;
+---------------------------+------------------+-----------+------------+----------------+


------------
; Flow Log ;
------------
quartus_map --read_settings_files=on --write_settings_files=off pipeSha1 -c pipeSha1
quartus_fit --read_settings_files=off --write_settings_files=off pipeSha1 -c pipeSha1
quartus_asm --read_settings_files=off --write_settings_files=off pipeSha1 -c pipeSha1
quartus_sta pipeSha1 -c pipeSha1
quartus_eda --read_settings_files=off --write_settings_files=off pipeSha1 -c pipeSha1



